[   0.00] Iniazig cgou subsy cpuse
[   0000] Itiizng cousubs c
    0000] itliing ro subs uact
  .00000 Lin versi 4.0-1-gneri (il@ly01-d6013)gcvesion.4 201609 Ubntu 4.6uuntu1~.0.9) ) #1-Ubuntu SMMon pr2 :0:24 TC20 (Ubtu.40-11.13-eneric 4.4.114)
[    0.000000] Command ne BT_IMAG/bt/vmnu4..011geric otABEL=cloudg-ootfs roonsole=ttyconslety0
[  0.0000KEELsupprted cpus:
[  00000  ntl Geinntel[  0.000   AMD AheticAD
[  0.0000  enta Ctaurul
[   0000] x86/f: tatefft[2] 5, statsis[2] 2
    0000] 86/fpuSuportg AVE ate x01:x8floangoit rests'
  .00000 x/f: Supoin XSA fturex0 'SE risrs'
[  0.00000] x/fpu Spporng XSA fturex0 'VX risrs'  0.0000x86/fp: naedxsta ftures 0x7, context size is 832 bytes, using 'standard' format.
[    0.000000] x86/fpu: Using 'lazy' FPU context switches.
[    0.000000] e820: BIOS-provided physical RAM map:
[    0.000000] BIOS-e820: [mem 0x0000000000000000-0x000000000009fbff] usable
[    0.000000] BIOS-e820: [mem 0x000000000009fc00-0x000000000009ffff] reserved
[    0.000000] BIOS-e820: [mem 0x00000000000f0000-0x00000000000fffff] reserved
[    0.000000] BIOS-e820: [mem 0x000000000000-000000bfeffff]sale
  .00000 BIOS-20: me0x000000ff0000x00000fffffff] ACPda
[  00000] OS820:me0x00000f00000x00000f00f] rserved
    0.000000] BIOS-e820: [mem 0x00000000fee00000-0x00000000fee00fff] reserved
[    0.000000] BIOS-e820: [mem 0x00000000fffc0000-0x00000000ffffffff] reserved
[    0.000000] NX (Exeteisab) otctio: ctve
[  0.0000SMOS2.5 est.
[  00000 Herisoretted:VM
[   0000]e820la_pfn =xbf0 m_ah_fn =0x000000
  .0000]TR: Dibl
[  00000] x8/P: TRRs isbl, skpi PT initialitionto
    0.00] CPMTs alblk  viraled sysm.
[  0.0000x8PA: Coigatio [0-7]WB WT UCUC WB  WT  U UC 
  0.0000fond S Mtabl a[m 0x09f0-0x09ff mapd  [ff88009fff
   00000Scanng areas for l memrycoupti
  0.0000RAMDK:me 0x3ae0-0x54ff
[  00000 AI:Earltae chks vrificaiodiabled
[   0.000] CPI: RP x00000000E0000 002(v2 VB  
[   0.000] AC: DT 00000BFF030000 (1 BOX VBXSDT00001 ASL 00061)[   0.0000ACPIFA 0000000FF00F0004 (v4 OX VBOAC00000001SL 0000061
[   0.00000 ACP: SDT 000000BF047002F v02 BOX   VBOXBIOS00002 TL010528
[  0.00] CPI:AC0x0000000BF000 00040
   0000]ACPIFA 0x00000FF02000040
[  00000]CP API0x00000BF040 000C 02VBOX VXAPI 0001 AS 00006)
[  0.0000] PI: DTx00000BF02A000C v01 OX VBOXCPU000000IN 20152
    0.000]No NUMA nfguraonound
[   000000]akg a det mem 00000000000x0000bffeff
[   0000] NODDA(0 allocedmem bfb00-0xfeff]  0.0000] m-clk:sig rsb54d01 ad b5d00  0.0000kvm-clk:pu 0, ms0:ffe31,rima c cock   0.000 kvm-cckusinscd ffse o 3353169cyes
  .00000clksourc k-clo: sk 0xfffffffffma_cyces 0cd2e4dffb, max_idle_ns: 881590591483 ns
[    0.000000] Zone ranges:
[    0.000000]   DMA      [mem 0x0000000000001000-0x0000000000ffffff]
[    0.000000]   DMA32    [mem 0x0000000001000000-0x00000000bffeffff]
[    0.000000]  Noma  emy    .00000]   Dece epty   0.0000]ovab ze stt r ach de
[    0.000] Erlmeory node rges   0.0000] nod   [me 00000000001000-0x000000000009efff]
[    0.000000]   node   0: [mem 0x0000000000100000-0x00000000bffeffff]
[    0.000000] Initmem setup node 0 [mem 0x0000000000001000-0x00000000bffeffff]
[    0.000000] ACPI: PM-Timer IO Port: 0x4008
[    0.000000] IOAPIC[0]: apic_id 2, version 32, addre 0ec000,SI0-23
   000000] AI:NT_S_OVR (us 0 busrq0 glalrq 2flfl
[   .00000] ACPIIN_SRCVRbus  b_i 9 glalrq 9owevl)
[   00000] UinACI (MT)or S cfiuratn formtin
[   00000 smpbot:Alowin 2CPUs, 0 holuCPs
[  0000] : egisrenosa mor: [memx0000000-00000fff]
   00000 P: Reiserednosaveemory: [mem 0x0009f000-0x0009ffff]
[    0.000000] PM: Registered nosave memory: [mem 0x000a0000-0x000effff]
[    0.000000] PM: Registered nosave memory: [mem 0x000f0000-0x000fffff]
[    0.000000] e820: [mem 0xc0000000-0xfebfffff] available for PCI devices
[    0.000000] Booting paravirtualized kernel on KVM
[    0.000000] clocksource: refined-jiffies: mask: 0xffffffff max_cycles: 0xffffffff, max_idle_ns: 7645519600211568 ns
[    0.000000] setup_percpu: NR_CPUS:512 nr_cpumask_bits:512 nr_cpu_ids:2 nr_node_ids:1
[    0.000000] PERCPU: Embedded 34 pages/cu @ffff8800bfa00000 s99544 r8192 d31528 u1048576  0.0000PV qinckhashab entri: 6 (ord:  409 bes
[   0.0000 Built 1 zelis iNoe orde militgrpig on  Total pages:748
[  00000]oly zo: A3
[  000000] Kne comand li: BO_IGE/boovmnuz-4.11-genicoot=BEcludimg-oofsroconsole=tty1 console=ttyS0
[    0.000000] PID hash table entrie 46 orde 33276bys)
[    00000] Memy:3066028K1452K aiable(832K rnel ce,313Kwda, 36Kodta, 08init13K ss, 24 resve 0 cmaesved)
[  00000] SB: Halgn64 Oder=0-3, MinObjects=0, CPUs=2, Nodes=
[  0.00] erneUs pagtaesisatn:enabd[   .0000]iercicalCUmplentio.
[  00000]	Bldtimedjtmenofea fouto64.   0.0000] 	RCU stctng Cs ro NR_CP=52 tor_u_id2.[    0.0000] RU:djtingeotry orrc_fanou_leaf=64nrcpu_s=
[  0.000] NIR:33024r_qs:4 1
[   0000] Cso: olour VGA+80x25  0.0000] nsole [tty1] enabled
[    0.000000] console [ttyS0] enabled
[    0.000000] tsc: Detected 3311.952 MHz processor
[   21.080260] Calibrating delayoop(sipped) preset value.. 6623.90 BogoMIPS (lpj=13247808)
[   21.269154] pid_max: default: 32768 minimum: 301
[   21.403929] ACPI: Core revision 20150930
[   21.521061] ACPI: 2 ACPI AML tables successfully acquired and loaded
[   21.704286] Security Framework initialized
[   21.829908] Yama: becoming mindful.
[   21.929361] AppArmor: AppArmor initialized
[   22.052834] Dentry cache hash table entries: 524288 (order: 10, 4194304 bytes)
[   22.204995] Inode-cache hash table entries: 262144 (order: 9, 2097152 bytes)
[   22.419608] Mount-cache hash table entries: 8192 (order: 4, 65536 bytes)
[   22.618363] Mountpoint-cache hash table entries: 8192 (order: 4, 65536 bytes)
[   22.815491] Initializing cgroup subsys io
[   22.935016] Initializing cgroup subsys memory
[   23.063248] Initializing cgroup subsys devices
[   23.188470] Initializing cgroup subsys freezer
[   23.300777] Initializing cgroup subsys net_cls
[   23.433097] Initializing cgroup subsys perf_event
[   23.570360] Initializing cgroup subsys net_prio
[   23.704211] Initializing cgroup subsys hugetlb
[   23.840338] Initializing cgroup subsys pids
[   23.840983] CPU: Physical Processor ID: 0
[   23.841541] CPU: Processor Core ID: 0
[   23.842075] FEATURE SPEC_CTRL Not Present
[   23.843686] mce: CPU supports 0 MCE banks
[   23.844275] Last level iTLB entries: 4KB 128, 2MB 8, 4MB 8
[   23.844964] Last level dTLB entries: 4KB 64, 2MB 0, 4MB 0, 1GB 4
[   23.845694] Spectre V2 mitigation: Mitigation: Full generic retpoline
[   23.846462] Spectre V2 mitigation: Speculation control IBPB not-supported IBRS not-supported
[   23.847391] Spectre V2 mitigation: Filling RSB on context switch
[   23.850047] Freeing SMP alternatives memory: 32K
[   23.857453] ftrace: allocating 32195 entries in 126 pages
[   23.906592] smpboot: APIC(0) Converting physical 0 to logical package 0
[   24.102146] smpboot: Max logical packages: 1
[   24.226373] x2apic enabled
[   24.286528] Switched APIC routing to physical x2apic.
[   24.435392] ..TIMER: vector=0x30 apic1=0 pin1=2 apic2=-1 pin2=-1
[   24.716157] smpboot: CPU0: Intel(R) Xeon(R) CPU E3-1225 v5 @ 3.30GHz (family: 0x6, model: 0x5e, stepping: 0x3)
[   25.006291] Performance Events: unsupported p6 CPU model 94 no PMU driver, software events only.
[   25.263437] KVM setup paravirtual spinlock
[   25.361946] x86: Booting SMP configuration:
[   25.483536] .... node  #0, CPUs:      #1
[   25.590453] kvm-clock: cpu 1, msr 0:bffe3041, secondary cpu clock
[   25.731692] mce: CPU supports 0 MCE banks
[   25.857662] x86: Booted up 1 node, 2 CPUs
[   25.927779] smpboot: Total of 2 processors activated (13247.80 BogoMIPS)
[   25.928893] devtmpfs: initialized
[   25.930586] evm: security.selinux
[   25.986415] evm: security.SMACK64
[   25.986912] evm: security.SMACK64EXEC
[   25.987436] evm: security.SMACK64TRANSMUTE
[   25.988004] evm: security.SMACK64MMAP
[   25.988534] evm: security.ima
[   25.989000] evm: security.capability
[   26.094861] clocksource: jiffies: mask: 0xffffffff max_cycles: 0xffffffff, max_idle_ns: 7645041785100000 ns
[   26.269656] futex hash table entries: 512 (order: 3, 32768 bytes)
[   26.291541] pinctrl core: initialized pinctrl subsystem
[   26.343230] RTC time: 21:11:01, date: 04/20/18
[   26.343952] NET: Registered protocol family 16
[   26.356032] cpuidle: using governor ladder
[   26.467799] cpuidle: using governor menu
[   26.555577] PCCT header not found.
[   26.647454] ACPI: bus type PCI registered
[   26.763681] acpiphp: ACPI Hot Plug PCI Controller Driver version: 0.5
[   26.954864] PCI: Using configuration type 1 for base access
[   27.133271] ACPI: Added _OSI(Module Device)
[   27.254807] ACPI: Added _OSI(Processor Device)
[   27.376246] ACPI: Added _OSI(3.0 _SCP Extensions)
[   27.397814] ACPI: Added _OSI(Processor Aggregator Device)
[   27.399087] ACPI: Executed 1 blocks of module-level executable AML code
[   27.404933] ACPI: Interpreter enabled
[   27.425860] ACPI: (supports S0 S5)
[   27.426366] ACPI: Using IOAPIC for interrupt routing
[   27.427144] PCI: Using host bridge windows from ACPI; if necessary, use "pci=nocrs" and report a bug
[   27.431080] ACPI: PCI Root Bridge [PCI0] (domain 0000 [bus 00-ff])
[   27.431833] acpi PNP0A03:00: _OSC: OS supports [ASPM ClockPM Segments MSI]
[   27.600732] acpi PNP0A03:00: _OSC: not requesting OS control; OS requires [ExtendedConfig ASPM ClockPM MSI]
[   27.888747] acpi PNP0A03:00: fail to add MMCONFIG information, can't access extended PCI configuration space under this bridge.
[   28.233137] PCI host bridge to bus 0000:00
[   28.355800] pci_bus 0000:00: root bus resource [io  0x0000-0x0cf7 window]
[   28.419702] pci_bus 0000:00: root bus resource [io  0x0d00-0xffff window]
[   28.420512] pci_bus 0000:00: root bus resource [mem 0x000a0000-0x000bffff window]
[   28.442425] pci_bus 0000:00: root bus resource [mem 0xc0000000-0xfdffffff window]
[   28.443447] pci_bus 0000:00: root bus resource [bus 00-ff]
[   28.456671] pci 0000:00:01.1: legacy IDE quirk: reg 0x10: [io  0x01f0-0x01f7]
[   28.465326] pci 0000:00:01.1: legacy IDE quirk: reg 0x14: [io  0x03f6]
[   28.651160] pci 0000:00:01.1: legacy IDE quirk: reg 0x18: [io  0x0170-0x0177]
[   28.862402] pci 0000:00:01.1: legacy IDE quirk: reg 0x1c: [io  0x0376]
[   29.092549] pci 0000:00:07.0: quirk: [io  0x4000-0x403f] claimed by PIIX4 ACPI
[   29.309481] pci 0000:00:07.0: quirk: [io  0x4100-0x410f] claimed by PIIX4 SMB
[   29.488078] ACPI: PCI Interrupt Link [LNKA] (IRQs 5 9 10 *11)
[   29.491441] ACPI: PCI Interrupt Link [LNKB] (IRQs 5 9 *10 11)
[   29.492584] ACPI: PCI Interrupt Link [LNKC] (IRQs 5 *9 10 11)
[   29.493700] ACPI: PCI Interrupt Link [LNKD] (IRQs 5 9 10 *11)
[   29.494847] ACPI: Enabled 2 GPEs in block 00 to 07
[   29.495918] vgaarb: setting as boot device: PCI:0000:00:02.0
[   29.496893] vgaarb: device added: PCI:0000:00:02.0,decodes=io+mem,owns=io+mem,locks=none
[   29.550764] vgaarb: loaded
[   29.627266] vgaarb: bridge control possible 0000:00:02.0
[   29.786094] SCSI subsystem initialized
[   29.897451] ACPI: bus type USB registered
[   30.013643] usbcore: registered new interface driver usbfs
[   30.178404] usbcore: registered new interface driver hub
[   30.337158] usbcore: registered new device driver usb
[   30.349683] PCI: Using ACPI for IRQ routing
[   30.350490] NetLabel: Initializing
[   30.350996] NetLabel:  domain hash size = 128
[   30.351582] NetLabel:  protocols = UNLABELED CIPSOv4
[   30.357489] NetLabel:  unlabeled traffic allowed by default
[   30.358321] amd_nb: Cannot enumerate AMD northbridges
[   30.499013] clocksource: Switched to clocksource kvm-clock
[   0.00] pAorAprm Feste Enaed[ 31438]npPnAC it  1.92] p:PnAC: un3 vis
[   11.91416]] clockoource: ccpi_pm:mmask: 0fffffff aax_cyclss: 0xffffff, ma__idle_n:: 2085711024 ns
[   32.631158] NET: Registered protocol family 2
[   326631900]TTCP estbblishedhhash talle entries: 32768((order:66, 262144 bytes)
[   33.299135] TPP bind aash tabee entriss: 3276  (order  7, 524288 bytes)
[   337704388]TTCP: Hahh table  configrred (esaablishe  32768 iind 32788)
[   44.25600]] UDP hssh tabl  entrie:: 2048 oorder: ,, 65536bbytes)
[   34.710878  UDP-Liee hash aable enrries: 2448 (ordrr: 4, 65536 bytss)
[   55.21602]] NET: eegisterdd protoool famiyy 1
[   35.57594]] pci 0000:00:00.0: Limitingddirect CCI/PCI transfers
[   36.088928] pii 0000:00:01.0:AActivatnng ISA MMA hangwworkaronnds
[   66.536090] Unpacking initramfs...
[   38.175972]rengnid mo: 88
  8.48] atrmtcmo rgitered platfo R dic(nPNdeceou)  9.75] anngorowemy rrti every 6send
[ 40867]scReneTSclksrccabrio 31.9 z
[   40.8158] ocksouce t: sk0xffffffffaxycs:x2d341, x_les:405221ns
[   40.816199] aud: nialinneinsuysdibl)
[   40.816209] audit: type=2000 audit(1524258650.999:1): initialized
[   40.816421] Initialise system trusted keyring
[   40.816497] HugeTLB registered 2 MB page size, pre-allocated 0 pages
[   40.817621] zbud: loaded
[   40.817900] VFS: Disk quotas dquot_6.6.0
[   40.817924] VFS: Dquot-cache hash table entries: 512 (order 0, 4096 bytes)
[   40.818118] squashfs: version 4.0 (2009/01/31) Phillip Lougher
[   40.818287] fuse init (API version 7.23)
[   40.818376] Key type big_key registered
[   40.818388] Allocating IMA MOK and blacklist keyrings.
[   40.818550] Key type asymmetric registered
[   40.818555] Asymmetric key parser 'x509' registered
[   40.818582] Block layer SCSI generic (bsg) driver version 0.4 loaded (major 249)
[   40.818598] io scheduler noop registered
[   40.818600] io scheduler deadline registered (default)
[   40.818626] io scheduler cfq registered
[   40.818708] pci_hotplug: PCI Hot Plug PCI Core version: 0.5
[   40.818713] pciehp: PCI Express Hot Plug Controller Driver version: 0.4
[   40.818819] ACPI: AC Adapter [AC] (on-line)
[   40.818873] input: Power Button as /devices/LNXSYSTM:00/LNXPWRBN:00/input/input0
[   40.818876] ACPI: Power Button [PWRF]
[   40.818923] input: Sleep Button as /devices/LNXSYSTM:00/LNXSLPBN:00/input/input1
[   40.818924] ACPI: Sleep Button [SLPF]
[   40.819022] GHES: HEST is not enabled!
[   40.819089] Serial: 8250/16550 driver, 32 ports, IRQ sharing enabled
[   41.940930] 00:02: ttyS0 at I/O 0x3f8 (irq = 4, base_baud = 115200) is a 16550A
[   42.460588] Linux agpgart interface v0.103
[   42.992754] loop: module loaded
[   42.993178] scsi host0: ata_piix
[   42.993224] scsi host1: ata_piix
[   42.993249] ata1: PATA max UDMA/33 cmd 0x1f0 ctl 0x3f6 bmdma 0xd000 irq 14
[   42.993250] ata2: PATA max UDMA/33 cmd 0x170 ctl 0x376 bmdma 0xd008 irq 15
[   42.993311] libphy: Fixed MDIO Bus: probed
[   42.993313] tun: Universal TUN/TAP device driver, 1.6
[   42.993314] tun: (C) 1999-2004 Max Krasnyansky <maxk@qualcomm.com>
[   42.993534] PPP generic driver version 2.4.2
[   42.993581] ehci_hcd: USB 2.0 'Enhanced' Host Controller (EHCI) Driver
[   42.993585] ehci-pci: EHCI PCI platform driver
[   42.993598] ehci-platform: EHCI generic platform driver
[   42.993605] ohci_hcd: USB 1.1 'Open' Host Controller (OHCI) Driver
[   42.993608] ohci-pci: OHCI PCI platform driver
[   42.993614] ohci-platform: OHCI generic platform driver
[   42.993621] uhci_hcd: USB Universal Host Controller Interface driver
[   42.993666] i8042: PNP: PS/2 Controller [PNP0303:PS2K,PNP0f03:PS2M] at 0x60,0x64 irq 1,12
[   43.083683] serio: i8042 KBD port at 0x60,0x64 irq 1
[   43.083690] serio: i8042 AUX port at 0x60,0x64 irq 12
[   43.083821] mousedev: PS/2 mouse device common for all mice
[   43.084060] rtc_cmos rtc_cmos: rtc core: registered rtc_cmos as rtc0
[   43.084106] rtc_cmos rtc_cmos: alarms up to one day, 114 bytes nvram
[   43.084111] i2c /dev entries driver
[   43.084159] device-mapper: uevent: version 1.0.3
[   43.084201] device-mapper: ioctl: 4.34.0-ioctl (2015-10-28) initialised: dm-devel@redhat.com
[   43.084220] ledtrig-cpu: registered to indicate activity on CPUs
[   43.084454] NET: Registered protocol family 10
[   43.084571] NET: Registered protocol family 17
[   43.084577] Key type dns_resolver registered
[   43.084766] registered taskstats version 1
[   43.084778] Loading compiled-in X.509 certificates
[   43.085258] Loaded X.509 cert 'Build time autogenerated kernel key: f854e06633b5f496ced5b2e02c7b14f761b69302'
[   43.085271] zswap: loaded using pool lzo/zbud
[   43.086684] Key type trusted registered
[   43.089164] Key type encrypted registered
[   43.089167] AppArmor: AppArmor sha1 policy hashing enabled
[   43.089170] ima: No TPM chip found, activating TPM-bypass!
[   43.089182] evm: HMAC attrs: 0x1
[   43.089379]   Magic number: 14:335:197
[   43.089402] acpi PNP0100:00: hash matches
[   43.171885] rtc_cmos rtc_cmos: setting system clock to 2018-04-20 21:11:18 UTC (1524258678)
[   43.172033] BIOS EDD facility v0.16 2004-Jun-25, 0 devices found
[   43.172033] EDD information not available.
[   44.052281] input: AT Translated Set 2 keyboard as /devices/platform/i8042/serio0/input/input2
[   45.859419] Freeing unused kernel memory: 1508K
[   45.860041] Write protecting the kernel read-only data: 14336k
[   45.861238] Freeing unused kernel memory: 1696K
[   45.862075] Freeing unused kernel memory: 100K
Loading, please wait...
starting version[   45.875914] random: systemd-udevd: uninitialized urandom read (16 bytes read, 9 bits of entropy available)
 229
[   45.876734] random: udevadm: uninitialized urandom read (16 bytes read, 9 bits of entropy available)
[   45.876765] random: udevadm: uninitialized urandom read (16 bytes read, 9 bits of entropy available)
[   45.888733] random: udevadm: uninitialized urandom read (16 bytes read, 9 bits of entropy available)
[   45.888779] random: udevadm: uninitialized urandom read (16 bytes read, 9 bits of entropy available)
[   45.888937] random: udevadm: uninitialized urandom read (16 bytes read, 9 bits of entropy available)
[   45.888997] random: udevadm: uninitialized urandom read (16 bytes read, 9 bits of entropy available)
[   45.889058] random: udevadm: uninitialized urandom read (16 bytes read, 9 bits of entropy available)
[   45.889119] random: udevadm: uninitialized urandom read (16 bytes read, 9 bits of entropy available)
[   45.889176] random: udevadm: uninitialized urandom read (16 bytes read, 9 bits of entropy available)
[   46.642641] e1000: Intel(R) PRO/1000 Network Driver - version 7.3.21-k8-NAPI
[   47.122078] e1000: Copyright (c) 1999-2006 Intel Corporation.
[   47.268781] Fusion MPT base driver 3.04.20
[   47.269359] Copyright (c) 1999-2008 LSI Corporation
[   47.274624] Fusion MPT SPI Host driver 3.04.20
[   47.427705] AVX2 version of gcm_enc/dec engaged.
[   47.570950] AES CTR mode by8 optimization enabled
[   47.572128] input: ImExPS/2 Generic Explorer Mouse as /devices/platform/i8042/serio1/input/input4
[   48.050665] e1000 0000:00:03.0 eth0: (PCI:33MHz:32-bit) 02:1b:e7:ca:c1:c0
[   48.297519] e1000 0000:00:03.0 eth0: Intel(R) PRO/1000 Network Connection
[   48.680675] mptbase: ioc0: Initiating bringup
[   49.043348] ioc0: LSI53C1030 A0: Capabilities={Initiator}
[   49.527813] scsi host2: ioc0: LSI53C1030 A0, FwRev=00000000h, Ports=1, MaxQ=256, IRQ=20
[   50.095767] scsi 2:0:0:0: Direct-Access     VBOX     HARDDISK         1.0  PQ: 0 ANSI: 5
[   50.362932] scsi target2:0:0: Beginning Domain Validation
[   50.364879] floppy0: no floppy controllers found
[   50.364909] work still pending
[   50.412906] scsi target2:0:0: Domain Validation skipping write tests
[   50.417334] scsi target2:0:0: Ending Domain Validation
[   50.418036] scsi target2:0:0: asynchronous
[   50.419020] scsi 2:0:1:0: Direct-Access     VBOX     HARDDISK         1.0  PQ: 0 ANSI: 5
[   50.428013] scsi target2:0:1: Beginning Domain Validation
[   50.436330] scsi target2:0:1: Domain Validation skipping write tests
[   50.437154] scsi target2:0:1: Ending Domain Validation
[   50.437883] scsi target2:0:1: asynchronous
[   50.440323] e1000 0000:00:08.0 eth1: (PCI:33MHz:32-bit) 08:00:27:88:c0:2c
[   50.441133] e1000 0000:00:08.0 eth1: Intel(R) PRO/1000 Network Connection
[   50.445043] sd 2:0:0:0: Attached scsi generic sg0 type 0
[   50.445272] sd 2:0:0:0: [sda] 20971520 512-byte logical blocks: (10.7 GB/10.0 GiB)
[   50.445344] sd 2:0:0:0: [sda] Write Protect is off
[   50.445392] sd 2:0:0:0: [sda] Incomplete mode parameter data
[   50.445393] sd 2:0:0:0: [sda] Assuming drive cache: write through
[   51.371970] sd 2:0:1:0: [sdb] 20480 512-byte logical blocks: (10.5 MB/10.0 MiB)
[   51.372282]  sda: sda1
[   51.372553] sd 2:0:0:0: [sda] Attached SCSI disk
[   51.373182] e1000 0000:00:08.0 enp0s8: renamed from eth1
[   51.377410] sd 2:0:1:0: Attached scsi generic sg1 type 0
[   51.464186] sd 2:0:1:0: [sdb] Write Protect is off
[   51.465021] sd 2:0:1:0: [sdb] Incomplete mode parameter data
[   51.465730] sd 2:0:1:0: [sdb] Assuming drive cache: write through
[   51.471397] e1000 0000:00:03.0 enp0s3: renamed from eth0
[   52.234308] sd 2:0:1:0: [sdb] Attached SCSI disk
Begin: Loading e[   53.536899] md: linear personality registered for level -1
ssential drivers[   53.651550] md: multipath personality registered for level -4
 ... [   53.837293] md: raid0 personality registered for level 0
[   54.213594] md: raid1 personality registered for level 1
[   54.347059] raid6: sse2x1   gen() 11727 MB/s
[   54.539038] raid6: sse2x1   xor()  8658 MB/s
[   54.675066] raid6: sse2x2   gen() 14527 MB/s
[   54.867060] raid6: sse2x2   xor()  9983 MB/s
[   55.059060] raid6: sse2x4   gen() 15275 MB/s
[   55.251059] raid6: sse2x4   xor() 10961 MB/s
[   55.443030] raid6: avx2x1   gen() 23447 MB/s
[   55.635029] raid6: avx2x2   gen() 27252 MB/s
[   55.723062] raid6: avx2x4   gen() 29752 MB/s
[   55.850390] raid6: using algorithm avx2x4 gen() 29752 MB/s
[   56.010374] raid6: using avx2x2 recovery algorithm
[   56.150509] xor: automatically using best checksumming function:
[   56.591611]    avx       : 22543.000 MB/sec
[   56.701189] async_tx: api initialized (async)
[   56.706356] md: raid6 personality registered for level 6
[   56.708382] md: raid5 personality registered for level 5
[   56.711271] md: raid4 personality registered for level 4
[   56.722826] md: raid10 personality registered for level 10
done.
Begin: Running[   56.910594] Btrfs loaded
 /scripts/init-premount ... done.
Begin: Mounting root file system ... Begin: Running /scripts/local-top ... done.
Begin: Running /scripts/local-premount ... Scanning for Btrfs filesystems
done.
Warning: fsck not present, so skipping root file[   57.166850] EXT4-fs (sda1): mounted filesystem with ordered data mode. Opts: (null)
 system
done.
Begin: Running /scripts/local-bottom ... done.
Begin: Running /scripts/init-bottom ... done.
[   57.872181] systemd[1]: systemd 229 running in system mode. (+PAM +AUDIT +SELINUX +IMA +APPARMOR +SMACK +SYSVINIT +UTMP +LIBCRYPTSETUP +GCRYPT +GNUTLS +ACL +XZ -LZ4 +SECCOMP +BLKID +ELFUTILS +KMOD -IDN)
[   58.338379] systemd[1]: Detected virtualization oracle.
[   58.483779] systemd[1]: Detected architecture x86-64.

Welcome to [1mUbuntu 16.04.4 LTS[0m!

[  55701systd[: ethostmeo <ubuntu1
[   59.044275] random: nonblocking pool is initialized
[   59.557555] systemd[1]: Created slice System Slice.
[[0;32m  OK  [0m] Created slice System Slice.
[  57304] systd[: Lienngn url ck.
[[0;32m  OK  [0m] Listening on Journal Socket.
[   60.307157] systemd[1]: Mounting POSIX Message Queue File System...
         Mounting POSIX Message Queue File System...
[ 60397]systd[: stning on oual Soct delo.
[[0;32m  OK  [0m] Listening on Journal Socket (/dev/log).
[   61.239317] systemd[1]: Mounting Huge Pages File System...
         Mounting Huge Pages File System...
[   61.347465] systemd[1]: Reached target Swap.
[[0;32m  OK  [0m] Reached target Swap.
[   61.348791] systemd[1]: Reached target User and Group Name Lookups.
[[0;32m  OK  [0m] Reached target User and Group Name Lookups.
[   61.351033] systemd[1]: Mounting Debug File System...
         Mounting Debug File System...
[   61.352355] systemd[1]: Reached target System Time Synchronized.
[[0;32m  OK  [0m] Reached target System Time Synchronized.
[   61.354445] systemd[1]: Starting Uncomplicated firewall...
         Starting Uncomplicated firewall...
[   61.356972] systemd[1]: Started Forward Password Requests to Wall Directory Watch.
[[0;32m  OK  [0m] Started Forward Password Requests to Wall Directory Watch.
[   61.399384] systemd[1]: Starting Create list of required static device nodes for the current kernel...
         Starting Create list of required st... nodes for the current kernel...
[ 61771410syemd[1]: Lieng  Dicmapper entaen FO
[[0;32m  OK  [0m] Listening on Device-mapper event daemon FIFOs.
[  62.500458] syem1] Set up autounArbitrary ectabl Fe rms leysm tounPot.
[[0;32m  OK  [0m] Set up automount Arbitrary Executab...ats File System Automount Point.
[ 63577]systd[: eaedli systeseiax2et.sce

[[0;32m  OK  [0m] Created slice system-serial\x2dgetty.slice.
[   64.319386] systemd[1]: Starting Load Kernel Modules...
         Starting Load Ke[   64.492916] Loading iSCSI transport class v2.0-870.
rnel Modules...
[   64.865926] systemd[1]: Listening on udev Control Socket.
[[   65.025760] iscsi: registered transport (tcp)
[0;32m  OK  [0m] Listening on udev Control Socket.
[   65.080039] systemd[1]: Started Trigger resolvconf update for networkd DNS.
[[0;32m  OK  [0[   65.298167] iscsi: registered transport (iser)
m] Started Trigger resolvconf update for networkd DNS.
[ 65630]ystemd[1]: Catd slice Userndesonlie.
[[0;32m  OK  [0m] Created slice User and Session Slice.
[ 66592]ysmd]: Reached target Slices.
[[0;32m  OK  [0m] Reached target Slices.
[  66219] std[]: Listening o/dev/itc Cpabityam Pe.
[[0;32m  OK  [0m] Listening on /dev/initctl Compatibility Named Pipe.
[   67.391221] systemd[1]: Starting Remount Root and Kernel File Systems...
         [   67.592648] EXT4-fs (sda1): re-mounted. Opts: (null)
Starting Remount Root and Kernel File Systems...
[ 68019]ysmd1]Rehetaetncypted Volumes.
[[0;32m  OK  [0m] Reached target Encrypted Volumes.
[   .644 sted[1]: Lieng on LVM2 pollaen ck.
[[0;32m  OK  [0m] Listening on LVM2 poll daemon socket.
[   69.229363] systemd[1]: Listening on Journal Audit Socket.
[[0;32m  OK  [0m] Listening on Journal Audit Socket.
[   69.251204] systemd[1]: Starting Nameserver information manager...
         Starting Nameserver information manager...
[   69.479241] systemd[1]: Starting Set console keymap...
         Starting Set console keymap...
[   69.516815] systemd[1]: Listening on LVM2 metadata daemon socket.
[[0;32m  OK  [0m] Listening on LVM2 metadata daemon socket.
[   69.519073] systemd[1]: Starting Monitoring of LVM2 mirrors, snapshots etc. using dmeventd or progress polling...
         Starting Monitoring of LVM2 mirrors... dmeventd or progress polling...
[ 698834] std[: stningn sl Ske
[[0;32m  OK  [0m] Listening on Syslog Socket.
[   70.451376] systemd[1]: Starting Journal Service...
         Starting Journal Service...
[   70.627417] systemd[1]: Listening on udev Kernel Socket.
[[0;32m  OK  [0m] Listening on udev Kernel Socket.
[   70.858451] systemd[1]: Mounted POSIX Message Queue File System.
[[0;32m  OK  [0m] Mounted POSIX Message Queue File System.
[ 71912]ysmd]:ouedugPages File System.
[[0;32m  OK  [0m] Mounted Huge Pages File System.
[   71.598090] systemd[1]: Mounted Debug File System.
[[0;32m  OK  [0m] Mounted Debug File System.
[   71.600952] systemd[1]: Started Journal Service.
[[0;32m  OK  [0m] Started Journal Service.
[[0;32m  OK  [0m] Started Uncomplicated firewall.
[[0;32m  OK  [0m] Started Create list of required sta...ce nodes for the current kernel.
[[0;32m  OK  [0m] Started Load Kernel Modules.
[[0;32m  OK  [0m] Started Remount Root and Kernel File Systems.
[[0;32m  OK  [0m] Started Set console keymap.
[[0;32m  OK  [0m] Started Nameserver information manager.
[[0;32m  OK  [0m] Started LVM2 metadata daemon.
         Starting Load/Save Random Seed...
         Starting udev Coldplug all Devices...
         Starting Initial cloud-init job (pre-networking)...
         Starting Apply Kernel Variables...
         Mounting FUSE Control File System...
         Starting Create Static Device Nodes in /dev...
         Starting Flush Journal to Persistent Storage...
[[0;32m  OK  [0m] Mounted FUSE Control File System.
[[0;32m  OK  [0m] Started Load/Save Random Seed.
[[0;32m  OK  [0m] Started Apply Kernel Variables.
[[0;32m  OK  [0m] Started udev Coldplug all Devices.
[[0;32m  OK  [0m] Started Create Static Device Nodes in /dev.
[[0;32m  OK  [0m] Started Flush Journal to Persistent Storage.
         Starting udev Kernel Device Manager...
[[0;32m  OK  [0m] Started Monitoring of LVM2 mirrors,...ng dmeventd or progress polling.
[[0;32m  OK  [0m] Started udev Kernel Device Manager.
[[0;32m  OK  [0m] Started Dispatch Password Requests to Console Directory Watch.
[[0;32m  OK  [0m] Reached target Local File Systems (Pre).
[[0;32m  OK  [0m] Reached target Local File Systems.
         Starting LSB: AppArmor initialization...
         Starting Create Volatile Files and Directories...
         Starting Set console font and keymap...
         Starting Tell Plymouth To Write Out Runtime Data...
[[0;32m  OK  [0m] Started Tell Plymouth To Write Out Runtime Data.
[[0;32m  OK  [0m] Started Create Volatile Files and Directories.
[[0;32m  OK  [0m] Found device /dev/ttyS0.
         Starting Update UTMP about System Boot/Shutdown...
[[0;32m  OK  [0m] Started Update UTMP about System Boot/Shutdown.
[[0;32m  OK  [0m] Found device 82540EM Gigabit Ethern...r (PRO/1000 MT Desktop Adapter).
[[0;32m  OK  [0m] Found device 82540EM Gigabit Ethern...r (PRO/1000 MT Desktop Adapter).
[[0;32m  OK  [0m] Started LSB: AppArmor initialization.
[[0;32m  OK  [0m] Started Set console font and keymap.
[[0;32m  OK  [0m] Created slice system-getty.slice.
[[0;32m  OK  [0m] Listening on Load/Save RF Kill Switch Status /dev/rfkill Watch.
[   44.132074] cloud-init[450]: Cloud-init v. 17.2 running 'init-local' at Fri, 20 Apr 2018 21:11:48 +0000. Up 43.78 seconds.
[[0;32m  OK  [0m] Started Initial cloud-init job (pre-networking).
[[0;32m  OK  [0m] Reached target Network (Pre).
[[0;32m  OK  [0m] Started ifup for enp0s8.
         Starting Raise network interfaces...
[[0;32m  OK  [0m] Started ifup for enp0s3.
[[0;32m  OK  [0m] Started Raise network interfaces.
         Starting Initial cloud-init job (metadata service crawler)...
[[0;32m  OK  [0m] Reached target Network.
[   46.669611] cloud-init[1084]: Cloud-init v. 17.2 running 'init' at Fri, 20 Apr 2018 21:11:51 +0000. Up 46.21 seconds.
[   46.756329] cloud-init[1084]: ci-info: ++++++++++++++++++++++++++++++++++++++Net device info++++++++++++++++++++++++++++++++++++++
[[0;32m  OK  [0m] Started Initial cloud-init job (metadata service crawler).
[   46.756528] cloud-init[1084]: ci-info: +--------+------+-----------------------------+---------------+-------+-------------------+
[   46.942607] cloud-init[1084]: ci-info: | Device |  Up  |           Address           |      Mask     | Scope |     Hw-Address    |
[   46.942867] cloud-init[1084]: ci-info: +--------+------+-----------------------------+---------------+-------+-------------------+
[   46.943100] cloud-init[1084]: ci-info: | enp0s3 | True |          10.0.2.15          | 255.255.255.0 |   .   | 02:1b:e7:ca:c1:c0 |
[   46.943333] cloud-init[1084]: ci-info: | enp0s3 | True |  fe80::1b:e7ff:feca:c1c0/64 |       .       |  link | 02:1b:e7:ca:c1:c0 |
[   46.943576] cloud-init[1084]: ci-info: | enp0s8 | True |       192.168.201.106       | 255.255.255.0 |   .   | 08:00:27:88:c0:2c |
[   46.943813] cloud-init[1084]: ci-info: | enp0s8 | True | fe80::a00:27ff:fe88:c02c/64 |       .       |  link | 08:00:27:88:c0:2c |
[   46.944294] cloud-init[1084]: ci-info: |   lo   | True |          127.0.0.1          |   255.0.0.0   |   .   |         .         |
[   46.944522] cloud-init[1084]: ci-info: |   lo   | True |           ::1/128           |       .       |  host |         .         |
[   46.944660] cloud-init[1084]: ci-info: +--------+------+-----------------------------+---------------+-------+-------------------+
[   46.944898] cloud-init[1084]: ci-info: ++++++++++++++++++++++++++++Route IPv4 info+++++++++++++++++++++++++++++
[   46.945131] cloud-init[1084]: ci-info: +-------+---------------+----------+---------------+-----------+-------+
[   46.945367] cloud-init[1084]: ci-info: | Route |  Destination  | Gateway  |    Genmask    | Interface | Flags |
[   46.945604] cloud-init[1084]: ci-info: +-------+---------------+----------+---------------+-----------+-------+
[   46.945836] cloud-init[1084]: ci-info: |   0   |    0.0.0.0    | 10.0.2.2 |    0.0.0.0    |   enp0s3  |   UG  |
[   46.946073] cloud-init[1084]: ci-info: |   1   |    10.0.2.0   | 0.0.0.0  | 255.255.255.0 |   enp0s3  |   U   |
[   46.946307] cloud-init[1084]: ci-info: |   2   | 192.168.201.0 | 0.0.0.0  | 255.255.255.0 |   enp0s8  |   U   |
[   46.946545] cloud-init[1084]: ci-info: +-------+---------------+----------+---------------+-----------+-------+
[[0;32m  OK  [0m] Reached target System Initialization.
         Starting Socket activation for snappy daemon.
[[0;32m  OK  [0m] Listening on D-Bus System Message Bus Socket.
[[0;32m  OK  [0m] Started Timer to automatically refresh installed snaps.
[[0;32m  OK  [0m] Started Daily Cleanup of Temporary Directories.
[[0;32m  OK  [0m] Started ACPI Events Check.
[[0;32m  OK  [0m] Reached target Paths.
[[0;32m  OK  [0m] Started Daily apt download activities.
[[0;32m  OK  [0m] Listening on UUID daemon activation socket.
[[0;32m  OK  [0m] Listening on ACPID Listen Socket.
[[0;32m  OK  [0m] Started Daily apt upgrade and clean activities.
[[0;32m  OK  [0m] Reached target Timers.
         Starting LXD - unix socket.
[[0;32m  OK  [0m] Reached target Cloud-config availability.
[[0;32m  OK  [0m] Reached target Network is Online.
         Starting iSCSI initiator daemon (iscsid)...
[[0;32m  OK  [0m] Listening on Socket activation for snappy daemon.
[[0;32m  OK  [0m] Listening on LXD - unix socket.
[[0;32m  OK  [0m] Reached target Sockets.
[[0;32m  OK  [0m] Reached target Basic System.
         Starting The PHP 7.0 FastCGI Process Manager...
[[0;32m  OK  [0m] Started Unattended Upgrades Shutdown.
[[0;32m  OK  [0m] Started ACPI event daemon.
         Starting LSB: MD monitoring daemon...
[[0;32m  OK  [0m] Started Deferred execution scheduler.
         Starting Accounts Service...
         Starting puppetserver Service...
         Starting A high performance web server and a reverse proxy server...
[[0;32m  OK  [0m] Started Puppet agent.
[[0;32m  OK  [0m] Started FUSE filesystem for LXC.
[[0;32m  OK  [0m] Started D-Bus System Message Bus.
         Starting Apply the settings specified in cloud-config...
         Starting LXD - container startup/shutdown...
[[0;32m  OK  [0m] Started Regular background program processing daemon.
         Starting Login Service...
         Starting Virtualbox guest utils...
         Starting /etc/rc.local Compatibility...
         Starting System Logging Service...
         Starting Snappy daemon...
         Starting LSB: Record successful boot for GRUB...
[   48.737187] cloud-init[1178]: Cloud-init v. 17.2 running 'modules:config' at Fri, 20 Apr 2018 21:11:53 +0000. Up 48.50 seconds.
         Starting The Marionette Collective...
         Starting OpenBSD Secure Shell server...
[[0;32m  OK  [0m] Started Apply the settings specified in cloud-config.
[[0;32m  OK  [0m] Started /etc/rc.local Compatibility.
[[0;32m  OK  [0m] Started A high performance web server and a reverse proxy server.
[[0;32m  OK  [0m] Started System Logging Service.
[[0;32m  OK  [0m] Started The PHP 7.0 FastCGI Process Manager.
[[0;32m  OK  [0m] Started iSCSI initiator daemon (iscsid).
         Starting Authenticate and Authorize Users to Run Privileged Tasks...
         Starting Login to default iSCSI targets...
[[0;32m  OK  [0m] Started LSB: MD monitoring daemon.
[[0;32m  OK  [0m] Started LSB: Record successful boot for GRUB.
[[0;32m  OK  [0m] Started Login Service.
[[0;32m  OK  [0m] Started Authenticate and Authorize Users to Run Privileged Tasks.
[[0;32m  OK  [0m] Started Accounts Service.
[[0;32m  OK  [0m] Started OpenBSD Secure Shell server.
[[0;32m  OK  [0m] Started Login to default iSCSI targets.
[[0;32m  OK  [0m] Reached target Remote File Systems (Pre).
[[0;32m  OK  [0m] Reached target Remote File Systems.
         Starting LSB: Apache2 web server...
         Starting LSB: daemon to balance interrupts for SMP systems...
         Starting Permit User Sessions...
         Starting LSB: Set the CPU Frequency Scaling governor to "ondemand"...
         Starting LSB: automatic crash report generation...
[[0;32m  OK  [0m] Started Permit User Sessions.
         Starting Hold until boot process finishes up...
         Starting Terminate Plymouth Boot Screen...
[[0;32m  OK  [0m] Started Virtualbox guest utils.
[[0;32m  OK  [0m] Started LSB: daemon to balance interrupts for SMP systems.
[[0;32m  OK  [0m] Started LSB: Set the CPU Frequency Scaling governor to "ondemand".
[[0;32m  OK  [0m] Started Hold until boot process finishes up.
[[0;32m  OK  [0m] Started Terminate Plymouth Boot Screen.
[[0;32m  OK  [0m] Started Getty on tty1.
[[0;32m  OK  [0m] Started Serial Getty on ttyS0.
[[0;32m  OK  [0m] Reached target Login Prompts.
         Starting Set console scheme...
[[0;32m  OK  [0m] Started LSB: automatic crash report generation.
[[0;32m  OK  [0m] Started Set console scheme.
[[0;32m  OK  [0m] Started LXD - container startup/shutdown.
[[0;32m  OK  [0m] Started Snappy daemon.
[[0;32m  OK  [0m] Started LSB: Apache2 web server.
[[0;32m  OK  [0m] Created slice User Slice of vagrant.
         Starting User Manager for UID 1000...
[[0;32m  OK  [0m] Started Session 1 of user vagrant.
[[0;32m  OK  [0m] Started User Manager for UID 1000.
[[0;32m  OK  [0m] Started The Marionette Collective.

Ubuntu 16.04.4 LTS ubuntu1 ttyS0

ubuntu1 login: [   85.115169] cloud-init[2114]: Cloud-init v. 17.2 running 'modules:final' at Fri, 20 Apr 2018 21:12:30 +0000. Up 84.97 seconds.
[   85.115528] cloud-init[2114]: Cloud-init v. 17.2 finished at Fri, 20 Apr 2018 21:12:30 +0000. Datasource DataSourceNoCloud [seed=/dev/sdb][dsmode=net].  Up 85.10 seconds
